Γû▓ Next.js 16.1.1 (Turbopack)
- Environments: .env.local

node.exe : ΓÜá The "middleware" file convention 
is deprecated. Please use "proxy" instead. Learn 
more: https://nextjs.org/docs/messages/middleware-
to-proxy
At line:1 char:1
+ & "C:\Program Files\nodejs/node.exe" 
"C:\Program Files\nodejs/node_mo ...
+ ~~~~~~~~~~~~~~~~~~~~~~~~~~~~~~~~~~~~~~~~~~~~~~~~
~~~~~~~~~~~~~~~~~~~~~
    + CategoryInfo          : NotSpecified: (ΓÜá 
The     "middle...leware-to-proxy:String) [], 
RemoteExc    eption
    + FullyQualifiedErrorId : NativeCommandError
 
  Creating an optimized production build ...
Γ£ô Compiled successfully in 3.7s
  Running TypeScript ...
  Collecting page data using 11 workers ...
  Generating static pages using 11 workers (0/10) ...
  Generating static pages using 11 workers (2/10) 
  Generating static pages using 11 workers (4/10) 
  Generating static pages using 11 workers (7/10) 
Γ£ô Generating static pages using 11 workers (10/10) in 3.1s
  Finalizing page optimization ...

Route (app)           Revalidate  Expire
Γöî Γùï /                         1m      1y
Γö£ Γùï /_not-found
Γö£ Γùï /about                    1m      1y
Γö£ ╞Æ /access/[id]
Γö£ Γùï /admin
Γö£ Γùï /login
Γö£ ╞Æ /news/[id]
Γö£ Γùï /partnership              1m      1y
Γö£ Γùï /profile
Γöö Γùï /register


╞Æ Proxy (Middleware)

Γùï  (Static)   prerendered as static content
╞Æ  (Dynamic)  server-rendered on demand

